// Jest Snapshot v1, https://goo.gl/fbAQLP

exports[`Login Form should render login form 1`] = `<!---->`;
